[12137694ms] [ERROR] SyntaxError: Unexpected token '<<' @ http://localhost:5178/@vite/client:173
[12137694ms] [ERROR] [hmr] Failed to reload /src/components/LaborManagement.jsx. This could be due to syntax errors or importing non-existent modules. (see errors above) @ http://localhost:5178/@vite/client:175
[12137695ms] [ERROR] SyntaxError: Unexpected token '<<' @ http://localhost:5178/@vite/client:173
[12137695ms] [ERROR] [hmr] Failed to reload /src/components/PlanVsExecution/index.jsx. This could be due to syntax errors or importing non-existent modules. (see errors above) @ http://localhost:5178/@vite/client:175
[12137695ms] [ERROR] SyntaxError: Unexpected token '<<' @ http://localhost:5178/@vite/client:173
[12137695ms] [ERROR] [hmr] Failed to reload /src/components/ContainerSelection.jsx. This could be due to syntax errors or importing non-existent modules. (see errors above) @ http://localhost:5178/@vite/client:175
[12137695ms] [ERROR] SyntaxError: Unexpected token '<<' @ http://localhost:5178/@vite/client:173
[12137695ms] [ERROR] [hmr] Failed to reload /src/components/PlanVsExecution/DCContributorInboundVariability.jsx. This could be due to syntax errors or importing non-existent modules. (see errors above) @ http://localhost:5178/@vite/client:175
[12137695ms] [ERROR] SyntaxError: Unexpected token '<<' @ http://localhost:5178/@vite/client:173
[12137695ms] [ERROR] [hmr] Failed to reload /src/components/WarehouseProcessMap.jsx. This could be due to syntax errors or importing non-existent modules. (see errors above) @ http://localhost:5178/@vite/client:175
[12137695ms] [ERROR] SyntaxError: Unexpected token '<<' @ http://localhost:5178/@vite/client:173
[12137695ms] [ERROR] [hmr] Failed to reload /src/components/PlanVsExecution/DCMitigatorOvertime.jsx. This could be due to syntax errors or importing non-existent modules. (see errors above) @ http://localhost:5178/@vite/client:175
[12137695ms] [ERROR] SyntaxError: Unexpected token '<<' @ http://localhost:5178/@vite/client:173
[12137695ms] [ERROR] [hmr] Failed to reload /src/components/PlanVsExecution/DCMitigatorPullForward.jsx. This could be due to syntax errors or importing non-existent modules. (see errors above) @ http://localhost:5178/@vite/client:175
[12137695ms] [ERROR] SyntaxError: Unexpected token '<<' @ http://localhost:5178/@vite/client:173
[12137695ms] [ERROR] [hmr] Failed to reload /src/components/Simulation.jsx. This could be due to syntax errors or importing non-existent modules. (see errors above) @ http://localhost:5178/@vite/client:175
[12137695ms] [ERROR] SyntaxError: Unexpected token '<<' @ http://localhost:5178/@vite/client:173
[12137695ms] [ERROR] [hmr] Failed to reload /src/components/PlanVsExecution/DCContributorAutomation.jsx. This could be due to syntax errors or importing non-existent modules. (see errors above) @ http://localhost:5178/@vite/client:175
[12137695ms] [ERROR] SyntaxError: Unexpected token '<<' @ http://localhost:5178/@vite/client:173
[12137695ms] [ERROR] [hmr] Failed to reload /src/components/LaborManagement.jsx. This could be due to syntax errors or importing non-existent modules. (see errors above) @ http://localhost:5178/@vite/client:175
[12137695ms] [ERROR] SyntaxError: Unexpected token '<<' @ http://localhost:5178/@vite/client:173
[12137695ms] [ERROR] [hmr] Failed to reload /src/components/PlanVsExecution/index.jsx. This could be due to syntax errors or importing non-existent modules. (see errors above) @ http://localhost:5178/@vite/client:175
[12137695ms] [ERROR] SyntaxError: Unexpected token '<<' @ http://localhost:5178/@vite/client:173
[12137695ms] [ERROR] [hmr] Failed to reload /src/components/PlanVsExecution/DCOverview.jsx. This could be due to syntax errors or importing non-existent modules. (see errors above) @ http://localhost:5178/@vite/client:175
[12137695ms] [ERROR] SyntaxError: Unexpected token '<<' @ http://localhost:5178/@vite/client:173
[12137695ms] [ERROR] [hmr] Failed to reload /src/components/Simulation.jsx. This could be due to syntax errors or importing non-existent modules. (see errors above) @ http://localhost:5178/@vite/client:175
[12137695ms] [ERROR] SyntaxError: Unexpected token '<<' @ http://localhost:5178/@vite/client:173
[12137695ms] [ERROR] [hmr] Failed to reload /src/components/NLQuery.jsx. This could be due to syntax errors or importing non-existent modules. (see errors above) @ http://localhost:5178/@vite/client:175
[12137695ms] [ERROR] SyntaxError: Unexpected token '<<' @ http://localhost:5178/@vite/client:173
[12137695ms] [ERROR] [hmr] Failed to reload /src/components/PlanVsExecution/ExceptionPatterns/EquipmentTab.jsx. This could be due to syntax errors or importing non-existent modules. (see errors above) @ http://localhost:5178/@vite/client:175
[12137695ms] [ERROR] SyntaxError: Unexpected token '<<' @ http://localhost:5178/@vite/client:173
[12137695ms] [ERROR] [hmr] Failed to reload /src/components/PlanVsExecution/DCDaySummary.jsx. This could be due to syntax errors or importing non-existent modules. (see errors above) @ http://localhost:5178/@vite/client:175
[12137695ms] [ERROR] SyntaxError: Unexpected token '<<' @ http://localhost:5178/@vite/client:173
[12137695ms] [ERROR] [hmr] Failed to reload /src/components/PlanVsExecution/DCDaySummary.jsx. This could be due to syntax errors or importing non-existent modules. (see errors above) @ http://localhost:5178/@vite/client:175
[12137695ms] [ERROR] SyntaxError: Unexpected token '<<' @ http://localhost:5178/@vite/client:173
[12137695ms] [ERROR] [hmr] Failed to reload /src/components/PlanVsExecution/HistoricalTrace.jsx. This could be due to syntax errors or importing non-existent modules. (see errors above) @ http://localhost:5178/@vite/client:175
[12137695ms] [ERROR] SyntaxError: Unexpected token '<<' @ http://localhost:5178/@vite/client:173
[12137695ms] [ERROR] [hmr] Failed to reload /src/components/PlanVsExecution/DCContributorLaborFatigue.jsx. This could be due to syntax errors or importing non-existent modules. (see errors above) @ http://localhost:5178/@vite/client:175
[12137695ms] [ERROR] SyntaxError: Unexpected token '<<' @ http://localhost:5178/@vite/client:173
[12137695ms] [ERROR] [hmr] Failed to reload /src/components/WarehouseProcessMap.jsx. This could be due to syntax errors or importing non-existent modules. (see errors above) @ http://localhost:5178/@vite/client:175
[12137695ms] [ERROR] SyntaxError: Unexpected token '<<' @ http://localhost:5178/@vite/client:173
[12137695ms] [ERROR] [hmr] Failed to reload /src/components/PlanVsExecution/DCContributorAutomation.jsx. This could be due to syntax errors or importing non-existent modules. (see errors above) @ http://localhost:5178/@vite/client:175
[12137695ms] [ERROR] SyntaxError: Unexpected token '<<' @ http://localhost:5178/@vite/client:173
[12137695ms] [ERROR] [hmr] Failed to reload /src/components/PlanVsExecution/ExceptionPatterns/EquipmentTab.jsx. This could be due to syntax errors or importing non-existent modules. (see errors above) @ http://localhost:5178/@vite/client:175
[12137695ms] [ERROR] SyntaxError: Unexpected token '<<' @ http://localhost:5178/@vite/client:173
[12137695ms] [ERROR] [hmr] Failed to reload /src/components/ContainerSelection.jsx. This could be due to syntax errors or importing non-existent modules. (see errors above) @ http://localhost:5178/@vite/client:175
[12137695ms] [ERROR] SyntaxError: Unexpected token '<<' @ http://localhost:5178/@vite/client:173
[12137695ms] [ERROR] [hmr] Failed to reload /src/components/LaborManagement.jsx. This could be due to syntax errors or importing non-existent modules. (see errors above) @ http://localhost:5178/@vite/client:175
[12137695ms] [ERROR] SyntaxError: Unexpected token '<<' @ http://localhost:5178/@vite/client:173
[12137695ms] [ERROR] [hmr] Failed to reload /src/components/PlanVsExecution/AlertSubscriptions.jsx. This could be due to syntax errors or importing non-existent modules. (see errors above) @ http://localhost:5178/@vite/client:175
[12137696ms] [ERROR] SyntaxError: Unexpected token '<<' @ http://localhost:5178/@vite/client:173
[12137696ms] [ERROR] [hmr] Failed to reload /src/components/PlanVsExecution/AlertSubscriptions.jsx. This could be due to syntax errors or importing non-existent modules. (see errors above) @ http://localhost:5178/@vite/client:175
[12137696ms] [ERROR] SyntaxError: Unexpected token '<<' @ http://localhost:5178/@vite/client:173
[12137696ms] [ERROR] [hmr] Failed to reload /src/components/MFA.jsx. This could be due to syntax errors or importing non-existent modules. (see errors above) @ http://localhost:5178/@vite/client:175
[12137696ms] [ERROR] SyntaxError: Unexpected token '<<' @ http://localhost:5178/@vite/client:173
[12137696ms] [ERROR] [hmr] Failed to reload /src/components/PlanVsExecution/DCMitigatorOvertime.jsx. This could be due to syntax errors or importing non-existent modules. (see errors above) @ http://localhost:5178/@vite/client:175
[12137696ms] [ERROR] SyntaxError: Unexpected token '<<' @ http://localhost:5178/@vite/client:173
[12137696ms] [ERROR] [hmr] Failed to reload /src/components/PlanVsExecution/HistoricalTrace.jsx. This could be due to syntax errors or importing non-existent modules. (see errors above) @ http://localhost:5178/@vite/client:175
[12137696ms] [ERROR] SyntaxError: Unexpected token '<<' @ http://localhost:5178/@vite/client:173
[12137696ms] [ERROR] [hmr] Failed to reload /src/components/PlanVsExecution/DCMitigatorPullForward.jsx. This could be due to syntax errors or importing non-existent modules. (see errors above) @ http://localhost:5178/@vite/client:175
[12137696ms] [ERROR] SyntaxError: Unexpected token '<<' @ http://localhost:5178/@vite/client:173
[12137696ms] [ERROR] [hmr] Failed to reload /src/components/NLQuery.jsx. This could be due to syntax errors or importing non-existent modules. (see errors above) @ http://localhost:5178/@vite/client:175
[12137696ms] [ERROR] SyntaxError: Unexpected token '<<' @ http://localhost:5178/@vite/client:173
[12137696ms] [ERROR] [hmr] Failed to reload /src/components/PlanVsExecution/ExceptionPatterns/LocationsTab.jsx. This could be due to syntax errors or importing non-existent modules. (see errors above) @ http://localhost:5178/@vite/client:175
[12137696ms] [ERROR] SyntaxError: Unexpected token '<<' @ http://localhost:5178/@vite/client:173
[12137696ms] [ERROR] [hmr] Failed to reload /src/components/UnloadingBay.jsx. This could be due to syntax errors or importing non-existent modules. (see errors above) @ http://localhost:5178/@vite/client:175
[12137696ms] [ERROR] SyntaxError: Unexpected token '<<' @ http://localhost:5178/@vite/client:173
[12137696ms] [ERROR] [hmr] Failed to reload /src/components/PlanVsExecution/OverviewDashboard.jsx. This could be due to syntax errors or importing non-existent modules. (see errors above) @ http://localhost:5178/@vite/client:175
[12137696ms] [ERROR] SyntaxError: Unexpected token '<<' @ http://localhost:5178/@vite/client:173
[12137696ms] [ERROR] [hmr] Failed to reload /src/components/PlanVsExecution/ExceptionPatterns/OrderTypesTab.jsx. This could be due to syntax errors or importing non-existent modules. (see errors above) @ http://localhost:5178/@vite/client:175
[12137696ms] [ERROR] SyntaxError: Unexpected token '<<' @ http://localhost:5178/@vite/client:173
[12137696ms] [ERROR] [hmr] Failed to reload /src/components/UnloadingBay.jsx. This could be due to syntax errors or importing non-existent modules. (see errors above) @ http://localhost:5178/@vite/client:175
[12137696ms] [ERROR] SyntaxError: Unexpected token '<<' @ http://localhost:5178/@vite/client:173
[12137696ms] [ERROR] [hmr] Failed to reload /src/components/PlanVsExecution/DCContributorLaborFatigue.jsx. This could be due to syntax errors or importing non-existent modules. (see errors above) @ http://localhost:5178/@vite/client:175
[12137696ms] [ERROR] SyntaxError: Unexpected token '<<' @ http://localhost:5178/@vite/client:173
[12137696ms] [ERROR] [hmr] Failed to reload /src/components/MFA.jsx. This could be due to syntax errors or importing non-existent modules. (see errors above) @ http://localhost:5178/@vite/client:175
[12137696ms] [ERROR] SyntaxError: Unexpected token '<<' @ http://localhost:5178/@vite/client:173
[12137696ms] [ERROR] [hmr] Failed to reload /src/components/PlanVsExecution/ExceptionPatterns/LocationsTab.jsx. This could be due to syntax errors or importing non-existent modules. (see errors above) @ http://localhost:5178/@vite/client:175
[12137696ms] [ERROR] SyntaxError: Unexpected token '<<' @ http://localhost:5178/@vite/client:173
[12137696ms] [ERROR] [hmr] Failed to reload /src/components/PlanVsExecution/ExceptionPatterns/OrderTypesTab.jsx. This could be due to syntax errors or importing non-existent modules. (see errors above) @ http://localhost:5178/@vite/client:175
[12137696ms] [ERROR] SyntaxError: Unexpected token '<<' @ http://localhost:5178/@vite/client:173
[12137696ms] [ERROR] [hmr] Failed to reload /src/components/PlanVsExecution/DCContributorInboundVariability.jsx. This could be due to syntax errors or importing non-existent modules. (see errors above) @ http://localhost:5178/@vite/client:175
[12137696ms] [ERROR] SyntaxError: Unexpected token '<<' @ http://localhost:5178/@vite/client:173
[12137696ms] [ERROR] [hmr] Failed to reload /src/components/PlanVsExecution/OverviewDashboard.jsx. This could be due to syntax errors or importing non-existent modules. (see errors above) @ http://localhost:5178/@vite/client:175
[12137696ms] [ERROR] SyntaxError: Unexpected token '<<' @ http://localhost:5178/@vite/client:173
[12137696ms] [ERROR] [hmr] Failed to reload /src/components/LaborManagement.jsx. This could be due to syntax errors or importing non-existent modules. (see errors above) @ http://localhost:5178/@vite/client:175
[12137697ms] [ERROR] SyntaxError: Unexpected token '<<' @ http://localhost:5178/@vite/client:173
[12137697ms] [ERROR] [hmr] Failed to reload /src/components/PlanVsExecution/DCOverview.jsx. This could be due to syntax errors or importing non-existent modules. (see errors above) @ http://localhost:5178/@vite/client:175
